Serialization
Serialized=first
NullableSerialized(null).IsNull=false
NullableSerialized(null).IsEmpty=true
NullableSerialized(First)=first

