RegularGet: 10
RegularProp: 25
DeclaredGet: 456
DeclaredGet2: 0
DeclaredGet3: 50
DeclaredProp: 100
DeclaredProp2: 200
string_prop: abc
IntegerProp: 123
DoubleProp: 3.1415
DataProp->string_prop: xyz

