x.Length: 3
x.Rank: 1
x.GetLength(0): 3
x[2]: 3
x[2]: 4
