Serialization
    Serialized(First)=First
    NullableSerialized(null).IsNull=False
    NullableSerialized(null).IsEmpty=True
    NullableSerialized(First)=First
TryParse
    Result=True Value=First
    Result=False Value=Empty
Reflection
    Name=EnumSample
    Namespace=DotCpp
    FullName=DotCpp.EnumSample
    IsEnum=True
